I'm sorry, but errors were detected in your script. Please correct the
errors listed below, and try again.


File "game/script.rpy", line 80: Line is followed by a block, despite not being a menu choice. Did you forget a colon at the end of the line?
    "Back to the ground floor."
                               ^

Ren'Py Version: Ren'Py 8.1.1.23060707
Sat May 25 02:47:43 2024
